[2026-09-07T14:25:51Z] === ENRICH ITERATION 1 START | repo=tokio-rs/bytes sha=417dccde ===
[2026-09-07T14:25:51Z] [iter=1] PHASE START: enrich repo=tokio-rs/bytes sha=417dccde runlog=/home/runner/work/forx/forx/storage/aggregate/lsp/logs/417dccde-enrich-iter-001.log output=/home/runner/work/forx/forx/storage/aggregate/lsp/417dccdeff249e0c011327de7d92e0d6fbe7cc43.nq.gz
[2026-09-07T14:25:55Z] [iter=1] Step 1: Loading AST into disk-backed store mem_mb=79 MB
[2026-09-07T14:25:58Z] [iter=1] AST store loaded triples=398619 load_secs=3 mem_mb=603 MB
[2026-09-07T14:25:58Z] [iter=1] Step 2: Finding LSP targets mem_mb=603 MB
[2026-09-07T14:25:59Z] [iter=1] LSP targets found call_sites=2725 imports=0 extends=0 implements=39 secs=1
[2026-09-07T14:26:00Z] [iter=1] Step 2.7: Building position index (one-shot, shared across resolvers) mem_mb=603 MB
[2026-09-07T14:26:02Z] [iter=1] Position index built positions=27550 nodes_with_types=31247 secs=2 mem_mb=603 MB
[2026-09-07T14:26:02Z] [iter=1] Step 3: Starting LSP resolution mem_mb=603 MB already_completed_types=[] already_completed_files=0
[2026-09-07T14:26:02Z] [iter=1] Resolving target type target_type=call_site count=2725
[2026-09-07T14:27:10Z] [iter=1] HEARTBEAT target_type=call_site elapsed_min=1.3 files_done=1 resolved=461 errors=369 current=src/buf/buf_mut.rs
[2026-09-07T14:27:56Z] [iter=1] HEARTBEAT target_type=call_site elapsed_min=2.1 files_done=6 resolved=794 errors=658 current=src/buf/limit.rs
[2026-09-07T14:28:30Z] [iter=1] HEARTBEAT target_type=call_site elapsed_min=2.6 files_done=15 resolved=1033 errors=875 current=src/buf/vec_deque.rs
[2026-09-07T14:29:00Z] [iter=1] HEARTBEAT target_type=call_site elapsed_min=3.2 files_done=24 resolved=1267 errors=1070 current=src/buf/uninit_slice.rs
[2026-09-07T14:29:03Z] [iter=1] Target type resolved target_type=call_site resolved=1307 errors=1086 secs=181 mem_mb=603 MB
[2026-09-07T14:29:03Z] [iter=1] Resolving target type target_type=implements_clause count=39
[2026-09-07T14:29:12Z] [iter=1] Target type resolved target_type=implements_clause resolved=39 errors=0 secs=8 mem_mb=603 MB
[2026-09-07T14:29:21Z] [iter=1] Step 5: Writing final enrichment file triples=21662
[2026-09-07T14:29:22Z] [iter=1] Enrichment file written path=/home/runner/work/forx/forx/storage/aggregate/lsp/417dccdeff249e0c011327de7d92e0d6fbe7cc43.nq.gz size_kb=370
[2026-09-07T14:29:22Z] [iter=1] PHASE END: enrich elapsed_s=211 elapsed_min=3.5 total_triples=21662
